// Jest Snapshot v1, https://goo.gl/fbAQLP

exports[`KafkaProduceRequest full isr acks 1`] = `"//8AAAD6AAAAAQAJdG9waWMtdHdvAAAAAQAAAAcAAAAPAAECAwQFBgcICQoLDA0O"`;

exports[`KafkaProduceRequest multiple topics and partitions 1`] = `"AAAAAAAyAAAAAgAJdG9waWMtb25lAAAAAgAAAAIAAAAvAAECAwQFBgcICQoLDA0ODxAREhMUFRYXGBkaGxwdHh8gISIjJCUmJygpKissLS4AAAAEAAAAYwABAgMEBQYHCAkKCwwNDg8QERITFBUWFxgZGhscHR4fICEiIyQlJicoKSorLC0uLzAxMjM0NTY3ODk6Ozw9Pj9AQUJDREVGR0hJSktMTU5PUFFSU1RVVldYWVpbXF1eX2BhYgAJdG9waWMtdHdvAAAAAQAAAAUAAADOAAECAwQFBgcICQoLDA0ODxAREhMUFRYXGBkaGxwdHh8gISIjJCUmJygpKissLS4vMDEyMzQ1Njc4OTo7PD0+P0BBQkNERUZHSElKS0xNTk9QUVJTVFVWV1hZWltcXV5fYGFiY2RlZmdoaWprbG1ub3BxcnN0dXZ3eHl6e3x9fn+AgYKDhIWGh4iJiouMjY6PkJGSk5SVlpeYmZqbnJ2en6ChoqOkpaanqKmqq6ytrq+wsbKztLW2t7i5uru8vb6/wMHCw8TFxsfIycrLzM0="`;

exports[`KafkaProduceRequest one topic and parition 1`] = `"AAEAAABkAAAAAQAJdG9waWMtb25lAAAAAQAAAAEAAABAAAECAwQFBgcICQoLDA0ODxAREhMUFRYXGBkaGxwdHh8gISIjJCUmJygpKissLS4vMDEyMzQ1Njc4OTo7PD0+Pw=="`;

exports[`KafkaProduceResponse multiple topics and partitions 1`] = `"AAAAAgAJdG9waWMtb25lAAAAAgAAAAMAAAAAAAAAAAB/AAAABQAAAAAAAAAAAAIACXRvcGljLXR3bwAAAAEAAAAIAAAAAAAAAAAD8g=="`;

exports[`KafkaProduceResponse multiple topics and partitions with errors 1`] = `"AAAAAgAJdG9waWMtb25lAAAAAgAAAAMAAAAAAAAAAAB/AAAABwACAAAAAAAAABoACXRvcGljLXR3bwAAAAEAAAAPAAIAAAAAAAADsw=="`;

exports[`KafkaProduceResponse one topic and partition 1`] = `"AAAAAQAJdG9waWMtb25lAAAAAQAAAAEAAAAAAAAAAAAQ"`;
