// Jest Snapshot v1, https://goo.gl/fbAQLP

exports[`KafkaFetchRequest one topic and partition 1`] = `"/////wAAJxAAAAEAAAAAAQAJdG9waWMtb25lAAAAAQAAAAAAAAAAAAAAEAAAEAA="`;

exports[`KafkaFetchResponse one topic and partition 1`] = `"AAAAAQAJdG9waWMtb25lAAAAAQAAAAAAAAAAAAAAAAAgAAAB+wAAAAAAAAAAAAAAQ/zFP+wBAAAAAAUAAQIDBAAAADAAAQIDBAUGBwgJCgsMDQ4PEBESExQVFhcYGRobHB0eHyAhIiMkJSYnKCkqKywtLi8AAAAAAAAAAQAAAJ9tvRFPAQAAAAARAAECAwQFBgcICQoLDA0ODxAAAACAAAECAwQFBgcICQoLDA0ODxAREhMUFRYXGBkaGxwdHh8gISIjJCUmJygpKissLS4vMDEyMzQ1Njc4OTo7PD0+P0BBQkNERUZHSElKS0xNTk9QUVJTVFVWV1hZWltcXV5fYGFiY2RlZmdoaWprbG1ub3BxcnN0dXZ3eHl6e3x9fn8AAAAAAAAAAgAAAPXs8KwsAQAAAABMAAECAwQFBgcICQoLDA0ODxAREhMUFRYXGBkaGxwdHh8gISIjJCUmJygpKissLS4vMDEyMzQ1Njc4OTo7PD0+P0BBQkNERUZHSElKSwAAAJsAAQIDBAUGBwgJCgsMDQ4PEBESExQVFhcYGRobHB0eHyAhIiMkJSYnKCkqKywtLi8wMTIzNDU2Nzg5Ojs8PT4/QEFCQ0RFRkdISUpLTE1OT1BRUlNUVVZXWFlaW1xdXl9gYWJjZGVmZ2hpamtsbW5vcHFyc3R1dnd4eXp7fH1+f4CBgoOEhYaHiImKi4yNjo+QkZKTlJWWl5iZmg=="`;
