// Jest Snapshot v1, https://goo.gl/fbAQLP

exports[`prepareMessageSet one chunk: muliple messages 1`] = `"AAAAAAAAAAAAAABD/MU/7AEAAAAABQABAgMEAAAAMAABAgMEBQYHCAkKCwwNDg8QERITFBUWFxgZGhscHR4fICEiIyQlJicoKSorLC0uLwAAAAAAAAABAAAAn229EU8BAAAAABEAAQIDBAUGBwgJCgsMDQ4PEAAAAIAAAQIDBAUGBwgJCgsMDQ4PEBESExQVFhcYGRobHB0eHyAhIiMkJSYnKCkqKywtLi8wMTIzNDU2Nzg5Ojs8PT4/QEFCQ0RFRkdISUpLTE1OT1BRUlNUVVZXWFlaW1xdXl9gYWJjZGVmZ2hpamtsbW5vcHFyc3R1dnd4eXp7fH1+fwAAAAAAAAACAAAA9ezwrCwBAAAAAEwAAQIDBAUGBwgJCgsMDQ4PEBESExQVFhcYGRobHB0eHyAhIiMkJSYnKCkqKywtLi8wMTIzNDU2Nzg5Ojs8PT4/QEFCQ0RFRkdISUpLAAAAmwABAgMEBQYHCAkKCwwNDg8QERITFBUWFxgZGhscHR4fICEiIyQlJicoKSorLC0uLzAxMjM0NTY3ODk6Ozw9Pj9AQUJDREVGR0hJSktMTU5PUFFSU1RVVldYWVpbXF1eX2BhYmNkZWZnaGlqa2xtbm9wcXJzdHV2d3h5ent8fX5/gIGCg4SFhoeIiYqLjI2Oj5CRkpOUlZaXmJmaAAAAAAAAAAMAAACOwJ6pzAEAAAAAIAABAgMEBQYHCAkKCwwNDg8QERITFBUWFxgZGhscHR4fAAAAYAABAgMEBQYHCAkKCwwNDg8QERITFBUWFxgZGhscHR4fICEiIyQlJicoKSorLC0uLzAxMjM0NTY3ODk6Ozw9Pj9AQUJDREVGR0hJSktMTU5PUFFSU1RVVldYWVpbXF1eXwAAAAAAAAAEAAAAih0lQM8BAAAAADkAAQIDBAUGBwgJCgsMDQ4PEBESExQVFhcYGRobHB0eHyAhIiMkJSYnKCkqKywtLi8wMTIzNDU2NzgAAABDAAECAwQFBgcICQoLDA0ODxAREhMUFRYXGBkaGxwdHh8gISIjJCUmJygpKissLS4vMDEyMzQ1Njc4OTo7PD0+P0BBQgAAAAAAAAAAAAAAAAAAAAAAAAAAAAAAAAAAAAAAAAAAAAAAAAAAAAAAAAAAAAAAAAAAAAAAAAAAAAAAAAAAAAAAAAAAAAAAAAAAAAAAAAAAAAAAAAAAAAAAAAAAAAAAAAAAAAAAAAAAAAAAAAAAAAAAAAAAAAAAAAAAAAAAAAAAAAAAAAAAAAAAAAAAAAAAAAAAAAAAAAAAAAAAAAAAAAAAAAAAAAAAAAAAAAAAAAAAAAAAAAAAAAAAAAAAAAAAAAAAAAAAAAAAAAAAAAAAAAAAAAAAAA=="`;

exports[`prepareMessageSet one chunk: muliple messages 2`] = `
Object {
  "buffer": ArrayBuffer [],
  "frames": Array [
    Array [
      0,
      79,
    ],
    Array [
      79,
      171,
    ],
    Array [
      250,
      257,
    ],
    Array [
      507,
      154,
    ],
    Array [
      661,
      150,
    ],
  ],
  "nextIndex": 811,
  "offsetStart": 0n,
}
`;

exports[`prepareMessageSet one chunk: muliple messages with existing messages 1`] = `"AAAAAAAAAAAAAAAAAAAAAAAAAAAAAAAAAAAAAAAAAAAAAAAAAAAAAAAAAAAAAAAAAAAAAAAAAAAAAAAAAAAAAAAAAAAAAAAAAAAAAAAAAAAAAAAAAAAAAAAAAAAAAAAAAAAAAAAAAAAAAAAAAAAAAAAAAAAAAAAAAAAAAAAAAAAAAAAAAAAAAAAAAAAAAAAAAAAAAAAAAAAAAAAAAAAAAAAAAAAAAAAAAAAAQ/zFP+wBAAAAAAUAAQIDBAAAADAAAQIDBAUGBwgJCgsMDQ4PEBESExQVFhcYGRobHB0eHyAhIiMkJSYnKCkqKywtLi8AAAAAAAAAAQAAAJ9tvRFPAQAAAAARAAECAwQFBgcICQoLDA0ODxAAAACAAAECAwQFBgcICQoLDA0ODxAREhMUFRYXGBkaGxwdHh8gISIjJCUmJygpKissLS4vMDEyMzQ1Njc4OTo7PD0+P0BBQkNERUZHSElKS0xNTk9QUVJTVFVWV1hZWltcXV5fYGFiY2RlZmdoaWprbG1ub3BxcnN0dXZ3eHl6e3x9fn8AAAAAAAAAAgAAAPXs8KwsAQAAAABMAAECAwQFBgcICQoLDA0ODxAREhMUFRYXGBkaGxwdHh8gISIjJCUmJygpKissLS4vMDEyMzQ1Njc4OTo7PD0+P0BBQkNERUZHSElKSwAAAJsAAQIDBAUGBwgJCgsMDQ4PEBESExQVFhcYGRobHB0eHyAhIiMkJSYnKCkqKywtLi8wMTIzNDU2Nzg5Ojs8PT4/QEFCQ0RFRkdISUpLTE1OT1BRUlNUVVZXWFlaW1xdXl9gYWJjZGVmZ2hpamtsbW5vcHFyc3R1dnd4eXp7fH1+f4CBgoOEhYaHiImKi4yNjo+QkZKTlJWWl5iZmgAAAAAAAAADAAAAjsCeqcwBAAAAACAAAQIDBAUGBwgJCgsMDQ4PEBESExQVFhcYGRobHB0eHwAAAGAAAQIDBAUGBwgJCgsMDQ4PEBESExQVFhcYGRobHB0eHyAhIiMkJSYnKCkqKywtLi8wMTIzNDU2Nzg5Ojs8PT4/QEFCQ0RFRkdISUpLTE1OT1BRUlNUVVZXWFlaW1xdXl8AAAAAAAAABAAAAIodJUDPAQAAAAA5AAECAwQFBgcICQoLDA0ODxAREhMUFRYXGBkaGxwdHh8gISIjJCUmJygpKissLS4vMDEyMzQ1Njc4AAAAQwABAgMEBQYHCAkKCwwNDg8QERITFBUWFxgZGhscHR4fICEiIyQlJicoKSorLC0uLzAxMjM0NTY3ODk6Ozw9Pj9AQUIAAAAAAAAAAAAAAAAAAAAAAAAAAAAAAAAAAAAAAAAAAAAAAAAAAAAAAAAAAAAAAAAAAAAAAA=="`;

exports[`prepareMessageSet one chunk: muliple messages with existing messages 2`] = `
Object {
  "buffer": ArrayBuffer [],
  "frames": Array [
    Array [
      0,
      96,
    ],
    Array [
      96,
      64,
    ],
    Array [
      160,
      79,
    ],
    Array [
      239,
      171,
    ],
    Array [
      410,
      257,
    ],
    Array [
      667,
      154,
    ],
    Array [
      821,
      150,
    ],
  ],
  "nextIndex": 971,
  "offsetStart": 0n,
}
`;

exports[`prepareMessageSet one chunk: one message 1`] = `"AAAAAAAAAAAAAABD/MU/7AEAAAAABQABAgMEAAAAMAABAgMEBQYHCAkKCwwNDg8QERITFBUWFxgZGhscHR4fICEiIyQlJicoKSorLC0uLwAAAAAAAAAAAAAAAAAAAAAAAAAAAAAAAAAAAAAAAAAAAAAAAAAAAAAAAAAAAAAAAAAAAAAAAAAAAAAAAAAAAAAAAAAAAAAAAAAAAAAAAAAAAAAAAAAAAAAAAAAAAAAAAAAAAAAAAAAAAAAAAAAAAAAAAAAAAAAAAAAAAAAAAAAAAAAAAAAAAAAAAAAAAAAAAAAAAAAAAAAAAAAAAAAAAAAAAAAAAAAAAAAAAAAAAAAAAA=="`;

exports[`prepareMessageSet one chunk: one message 2`] = `
Object {
  "buffer": ArrayBuffer [],
  "frames": Array [
    Array [
      0,
      79,
    ],
  ],
  "nextIndex": 79,
  "offsetStart": 0n,
}
`;

exports[`prepareMessageSet one chunk: one message with existing message 1`] = `"AAAAAAAAAAAAAAAAAAAAAAAAAAAAAAAAAAAAAAAAAAAAAAAAAAAAAAAAAAAAAAAAAAAAAAAAAAAAAAAAAAAAAAAAAEP8xT/sAQAAAAAFAAECAwQAAAAwAAECAwQFBgcICQoLDA0ODxAREhMUFRYXGBkaGxwdHh8gISIjJCUmJygpKissLS4vAAAAAAAAAAAAAAAAAAAAAAAAAAAAAAAAAAAAAAAAAAAAAAAAAAAAAAAAAAAAAAAAAAAAAAAAAAAAAAAAAAAAAAAAAAAAAAAAAAAAAAAAAAAAAAAAAAAAAAAAAAAAAAAAAAAAAAAAAAAAAAAAAAAAAAAAAAAAAAAAAA=="`;

exports[`prepareMessageSet one chunk: one message with existing message 2`] = `
Object {
  "buffer": ArrayBuffer [],
  "frames": Array [
    Array [
      0,
      56,
    ],
    Array [
      56,
      79,
    ],
  ],
  "nextIndex": 135,
  "offsetStart": 0n,
}
`;
